// Vitest Snapshot v1, https://vitest.dev/guide/snapshot.html

exports[`Barbarian default values > cleave 1`] = `
"<tbody>
  <tr class=\\"\\">
    <th>0</th>
    <td>15</td>
    <td>1.66</td>
  </tr>
  <tr class=\\"\\">
    <th>9</th>
    <td>14</td>
    <td>1.78</td>
  </tr>
  <tr class=\\"\\">
    <th>18</th>
    <td>13</td>
    <td>1.92</td>
  </tr>
  <tr class=\\"\\">
    <th>30</th>
    <td>12</td>
    <td>2.08</td>
  </tr>
  <tr class=\\"\\">
    <th>48</th>
    <td>11</td>
    <td>2.27</td>
  </tr>
  <tr class=\\"highlight-current-row\\">
    <th>75</th>
    <td>10</td>
    <td>2.5</td>
  </tr>
  <tr class=\\"\\">
    <th>125</th>
    <td>9</td>
    <td>2.77</td>
  </tr>
</tbody>"
`;

exports[`Barbarian default values > cleave wolf 1`] = `
"<tbody>
  <tr class=\\"\\">
    <th rowspan=\\"52\\" class=\\"vertical-label border-off\\">
      <div class=\\"vertical-label-spacer\\"></div>
      <div class=\\"vertical-label-text\\">Primary Weapon IAS</div>
    </th>
    <th>0</th>
    <td scope=\\"col\\">13</td>
    <td scope=\\"col\\">13</td>
    <td scope=\\"col\\">13</td>
    <td scope=\\"col\\">13</td>
    <td scope=\\"col\\">13</td>
    <td scope=\\"col\\">13</td>
    <td scope=\\"col\\">13</td>
    <td scope=\\"col\\">13</td>
    <td scope=\\"col\\">13</td>
    <td scope=\\"col\\">13</td>
    <td scope=\\"col\\">13</td>
    <td scope=\\"col\\">13</td>
    <td scope=\\"col\\">13</td>
    <td scope=\\"col\\">13</td>
    <td scope=\\"col\\">13</td>
  </tr>
  <tr class=\\"\\">
    <!--v-if-->
    <th>5</th>
    <td scope=\\"col\\">12</td>
    <td scope=\\"col\\">12</td>
    <td scope=\\"col\\">12</td>
    <td scope=\\"col\\">12</td>
    <td scope=\\"col\\">12</td>
    <td scope=\\"col\\">12</td>
    <td scope=\\"col\\">12</td>
    <td scope=\\"col\\">12</td>
    <td scope=\\"col\\">12</td>
    <td scope=\\"col\\">12</td>
    <td scope=\\"col\\">12</td>
    <td scope=\\"col\\">12</td>
    <td scope=\\"col\\">12</td>
    <td scope=\\"col\\">12</td>
    <td scope=\\"col\\">12</td>
  </tr>
  <tr class=\\"\\">
    <!--v-if-->
    <th>10</th>
    <td scope=\\"col\\">11</td>
    <td scope=\\"col\\">11</td>
    <td scope=\\"col\\">11</td>
    <td scope=\\"col\\">11</td>
    <td scope=\\"col\\">11</td>
    <td scope=\\"col\\">11</td>
    <td scope=\\"col\\">11</td>
    <td scope=\\"col\\">11</td>
    <td scope=\\"col\\">11</td>
    <td scope=\\"col\\">11</td>
    <td scope=\\"col\\">11</td>
    <td scope=\\"col\\">11</td>
    <td scope=\\"col\\">11</td>
    <td scope=\\"col\\">11</td>
    <td scope=\\"col\\">11</td>
  </tr>
  <tr class=\\"\\">
    <!--v-if-->
    <th>15</th>
    <td scope=\\"col\\">10</td>
    <td scope=\\"col\\">10</td>
    <td scope=\\"col\\">10</td>
    <td scope=\\"col\\">10</td>
    <td scope=\\"col\\">10</td>
    <td scope=\\"col\\">10</td>
    <td scope=\\"col\\">10</td>
    <td scope=\\"col\\">10</td>
    <td scope=\\"col\\">10</td>
    <td scope=\\"col\\">10</td>
    <td scope=\\"col\\">10</td>
    <td scope=\\"col\\">10</td>
    <td scope=\\"col\\">10</td>
    <td scope=\\"col\\">10</td>
    <td scope=\\"col\\">10</td>
  </tr>
  <tr class=\\"\\">
    <!--v-if-->
    <th>20</th>
    <td scope=\\"col\\">10</td>
    <td scope=\\"col\\">10</td>
    <td scope=\\"col\\">10</td>
    <td scope=\\"col\\">10</td>
    <td scope=\\"col\\">10</td>
    <td scope=\\"col\\">10</td>
    <td scope=\\"col\\">10</td>
    <td scope=\\"col\\">10</td>
    <td scope=\\"col\\">10</td>
    <td scope=\\"col\\">10</td>
    <td scope=\\"col\\">10</td>
    <td scope=\\"col\\">10</td>
    <td scope=\\"col\\">10</td>
    <td scope=\\"col\\">10</td>
    <td scope=\\"col\\">10</td>
  </tr>
  <tr class=\\"\\">
    <!--v-if-->
    <th>25</th>
    <td scope=\\"col\\">9</td>
    <td scope=\\"col\\">9</td>
    <td scope=\\"col\\">9</td>
    <td scope=\\"col\\">9</td>
    <td scope=\\"col\\">9</td>
    <td scope=\\"col\\">9</td>
    <td scope=\\"col\\">9</td>
    <td scope=\\"col\\">9</td>
    <td scope=\\"col\\">9</td>
    <td scope=\\"col\\">9</td>
    <td scope=\\"col\\">9</td>
    <td scope=\\"col\\">9</td>
    <td scope=\\"col\\">9</td>
    <td scope=\\"col\\">9</td>
    <td scope=\\"col\\">9</td>
  </tr>
  <tr class=\\"\\">
    <!--v-if-->
    <th>30</th>
    <td scope=\\"col\\">9</td>
    <td scope=\\"col\\">9</td>
    <td scope=\\"col\\">9</td>
    <td scope=\\"col\\">9</td>
    <td scope=\\"col\\">9</td>
    <td scope=\\"col\\">9</td>
    <td scope=\\"col\\">9</td>
    <td scope=\\"col\\">9</td>
    <td scope=\\"col\\">9</td>
    <td scope=\\"col\\">9</td>
    <td scope=\\"col\\">9</td>
    <td scope=\\"col\\">9</td>
    <td scope=\\"col\\">9</td>
    <td scope=\\"col\\">9</td>
    <td scope=\\"col\\">9</td>
  </tr>
  <tr class=\\"\\">
    <!--v-if-->
    <th>35</th>
    <td scope=\\"col\\">9</td>
    <td scope=\\"col\\">9</td>
    <td scope=\\"col\\">9</td>
    <td scope=\\"col\\">9</td>
    <td scope=\\"col\\">9</td>
    <td scope=\\"col\\">9</td>
    <td scope=\\"col\\">9</td>
    <td scope=\\"col\\">9</td>
    <td scope=\\"col\\">9</td>
    <td scope=\\"col\\">9</td>
    <td scope=\\"col\\">9</td>
    <td scope=\\"col\\">9</td>
    <td scope=\\"col\\">9</td>
    <td scope=\\"col\\">9</td>
    <td scope=\\"col\\">9</td>
  </tr>
  <tr class=\\"\\">
    <!--v-if-->
    <th>40</th>
    <td scope=\\"col\\">9</td>
    <td scope=\\"col\\">9</td>
    <td scope=\\"col\\">9</td>
    <td scope=\\"col\\">9</td>
    <td scope=\\"col\\">9</td>
    <td scope=\\"col\\">9</td>
    <td scope=\\"col\\">9</td>
    <td scope=\\"col\\">9</td>
    <td scope=\\"col\\">9</td>
    <td scope=\\"col\\">9</td>
    <td scope=\\"col\\">9</td>
    <td scope=\\"col\\">9</td>
    <td scope=\\"col\\">9</td>
    <td scope=\\"col\\">9</td>
    <td scope=\\"col\\">9</td>
  </tr>
  <tr class=\\"\\">
    <!--v-if-->
    <th>45</th>
    <td scope=\\"col\\">9</td>
    <td scope=\\"col\\">9</td>
    <td scope=\\"col\\">9</td>
    <td scope=\\"col\\">9</td>
    <td scope=\\"col\\">9</td>
    <td scope=\\"col\\">9</td>
    <td scope=\\"col\\">9</td>
    <td scope=\\"col\\">9</td>
    <td scope=\\"col\\">9</td>
    <td scope=\\"col\\">9</td>
    <td scope=\\"col\\">9</td>
    <td scope=\\"col\\">9</td>
    <td scope=\\"col\\">9</td>
    <td scope=\\"col\\">9</td>
    <td scope=\\"col\\">9</td>
  </tr>
  <tr class=\\"\\">
    <!--v-if-->
    <th>50</th>
    <td scope=\\"col\\">8</td>
    <td scope=\\"col\\">8</td>
    <td scope=\\"col\\">8</td>
    <td scope=\\"col\\">8</td>
    <td scope=\\"col\\">8</td>
    <td scope=\\"col\\">8</td>
    <td scope=\\"col\\">8</td>
    <td scope=\\"col\\">8</td>
    <td scope=\\"col\\">8</td>
    <td scope=\\"col\\">8</td>
    <td scope=\\"col\\">8</td>
    <td scope=\\"col\\">8</td>
    <td scope=\\"col\\">8</td>
    <td scope=\\"col\\">8</td>
    <td scope=\\"col\\">8</td>
  </tr>
  <tr class=\\"\\">
    <!--v-if-->
    <th>55</th>
    <td scope=\\"col\\">8</td>
    <td scope=\\"col\\">8</td>
    <td scope=\\"col\\">8</td>
    <td scope=\\"col\\">8</td>
    <td scope=\\"col\\">8</td>
    <td scope=\\"col\\">8</td>
    <td scope=\\"col\\">8</td>
    <td scope=\\"col\\">8</td>
    <td scope=\\"col\\">8</td>
    <td scope=\\"col\\">8</td>
    <td scope=\\"col\\">8</td>
    <td scope=\\"col\\">8</td>
    <td scope=\\"col\\">8</td>
    <td scope=\\"col\\">8</td>
    <td scope=\\"col\\">8</td>
  </tr>
  <tr class=\\"\\">
    <!--v-if-->
    <th>60</th>
    <td scope=\\"col\\">8</td>
    <td scope=\\"col\\">8</td>
    <td scope=\\"col\\">8</td>
    <td scope=\\"col\\">8</td>
    <td scope=\\"col\\">8</td>
    <td scope=\\"col\\">8</td>
    <td scope=\\"col\\">8</td>
    <td scope=\\"col\\">8</td>
    <td scope=\\"col\\">8</td>
    <td scope=\\"col\\">8</td>
    <td scope=\\"col\\">8</td>
    <td scope=\\"col\\">8</td>
    <td scope=\\"col\\">8</td>
    <td scope=\\"col\\">8</td>
    <td scope=\\"col\\">8</td>
  </tr>
  <tr class=\\"\\">
    <!--v-if-->
    <th>65</th>
    <td scope=\\"col\\">7</td>
    <td scope=\\"col\\">7</td>
    <td scope=\\"col\\">7</td>
    <td scope=\\"col\\">7</td>
    <td scope=\\"col\\">7</td>
    <td scope=\\"col\\">7</td>
    <td scope=\\"col\\">7</td>
    <td scope=\\"col\\">7</td>
    <td scope=\\"col\\">7</td>
    <td scope=\\"col\\">7</td>
    <td scope=\\"col\\">7</td>
    <td scope=\\"col\\">7</td>
    <td scope=\\"col\\">7</td>
    <td scope=\\"col\\">7</td>
    <td scope=\\"col\\">7</td>
  </tr>
  <tr class=\\"\\">
    <!--v-if-->
    <th>70</th>
    <td scope=\\"col\\">7</td>
    <td scope=\\"col\\">7</td>
    <td scope=\\"col\\">7</td>
    <td scope=\\"col\\">7</td>
    <td scope=\\"col\\">7</td>
    <td scope=\\"col\\">7</td>
    <td scope=\\"col\\">7</td>
    <td scope=\\"col\\">7</td>
    <td scope=\\"col\\">7</td>
    <td scope=\\"col\\">7</td>
    <td scope=\\"col\\">7</td>
    <td scope=\\"col\\">7</td>
    <td scope=\\"col\\">7</td>
    <td scope=\\"col\\">7</td>
    <td scope=\\"col\\">7</td>
  </tr>
  <tr class=\\"\\">
    <!--v-if-->
    <th>75</th>
    <td scope=\\"col\\">7</td>
    <td scope=\\"col\\">7</td>
    <td scope=\\"col\\">7</td>
    <td scope=\\"col\\">7</td>
    <td scope=\\"col\\">7</td>
    <td scope=\\"col\\">7</td>
    <td scope=\\"col\\">7</td>
    <td scope=\\"col\\">7</td>
    <td scope=\\"col\\">7</td>
    <td scope=\\"col\\">7</td>
    <td scope=\\"col\\">7</td>
    <td scope=\\"col\\">7</td>
    <td scope=\\"col\\">7</td>
    <td scope=\\"col\\">7</td>
    <td scope=\\"col\\">7</td>
  </tr>
  <tr class=\\"\\">
    <!--v-if-->
    <th>80</th>
    <td scope=\\"col\\">6</td>
    <td scope=\\"col\\">6</td>
    <td scope=\\"col\\">6</td>
    <td scope=\\"col\\">6</td>
    <td scope=\\"col\\">6</td>
    <td scope=\\"col\\">6</td>
    <td scope=\\"col\\">6</td>
    <td scope=\\"col\\">6</td>
    <td scope=\\"col\\">6</td>
    <td scope=\\"col\\">6</td>
    <td scope=\\"col\\">6</td>
    <td scope=\\"col\\">6</td>
    <td scope=\\"col\\">6</td>
    <td scope=\\"col\\">6</td>
    <td scope=\\"col\\">6</td>
  </tr>
  <tr class=\\"\\">
    <!--v-if-->
    <th>85</th>
    <td scope=\\"col\\">6</td>
    <td scope=\\"col\\">6</td>
    <td scope=\\"col\\">6</td>
    <td scope=\\"col\\">6</td>
    <td scope=\\"col\\">6</td>
    <td scope=\\"col\\">6</td>
    <td scope=\\"col\\">6</td>
    <td scope=\\"col\\">6</td>
    <td scope=\\"col\\">6</td>
    <td scope=\\"col\\">6</td>
    <td scope=\\"col\\">6</td>
    <td scope=\\"col\\">6</td>
    <td scope=\\"col\\">6</td>
    <td scope=\\"col\\">6</td>
    <td scope=\\"col\\">6</td>
  </tr>
  <tr class=\\"\\">
    <!--v-if-->
    <th>90</th>
    <td scope=\\"col\\">6</td>
    <td scope=\\"col\\">6</td>
    <td scope=\\"col\\">6</td>
    <td scope=\\"col\\">6</td>
    <td scope=\\"col\\">6</td>
    <td scope=\\"col\\">6</td>
    <td scope=\\"col\\">6</td>
    <td scope=\\"col\\">6</td>
    <td scope=\\"col\\">6</td>
    <td scope=\\"col\\">6</td>
    <td scope=\\"col\\">6</td>
    <td scope=\\"col\\">6</td>
    <td scope=\\"col\\">6</td>
    <td scope=\\"col\\">6</td>
    <td scope=\\"col\\">6</td>
  </tr>
  <tr class=\\"\\">
    <!--v-if-->
    <th>95</th>
    <td scope=\\"col\\">6</td>
    <td scope=\\"col\\">6</td>
    <td scope=\\"col\\">6</td>
    <td scope=\\"col\\">6</td>
    <td scope=\\"col\\">6</td>
    <td scope=\\"col\\">6</td>
    <td scope=\\"col\\">6</td>
    <td scope=\\"col\\">6</td>
    <td scope=\\"col\\">6</td>
    <td scope=\\"col\\">6</td>
    <td scope=\\"col\\">6</td>
    <td scope=\\"col\\">6</td>
    <td scope=\\"col\\">6</td>
    <td scope=\\"col\\">6</td>
    <td scope=\\"col\\">6</td>
  </tr>
  <tr class=\\"\\">
    <!--v-if-->
    <th>100</th>
    <td scope=\\"col\\">6</td>
    <td scope=\\"col\\">6</td>
    <td scope=\\"col\\">6</td>
    <td scope=\\"col\\">6</td>
    <td scope=\\"col\\">6</td>
    <td scope=\\"col\\">6</td>
    <td scope=\\"col\\">6</td>
    <td scope=\\"col\\">6</td>
    <td scope=\\"col\\">6</td>
    <td scope=\\"col\\">6</td>
    <td scope=\\"col\\">6</td>
    <td scope=\\"col\\">6</td>
    <td scope=\\"col\\">6</td>
    <td scope=\\"col\\">6</td>
    <td scope=\\"col\\">6</td>
  </tr>
  <tr class=\\"highlight-current-row\\">
    <!--v-if-->
    <th>105</th>
    <td scope=\\"col\\">5</td>
    <td scope=\\"col\\">5</td>
    <td scope=\\"col\\">5</td>
    <td scope=\\"col\\">5</td>
    <td scope=\\"col\\">5</td>
    <td scope=\\"col\\">5</td>
    <td scope=\\"col\\">5</td>
    <td scope=\\"col\\">5</td>
    <td scope=\\"col\\">5</td>
    <td scope=\\"col\\">5</td>
    <td scope=\\"col\\">5</td>
    <td scope=\\"col\\">5</td>
    <td scope=\\"col\\">5</td>
    <td scope=\\"col\\">5</td>
    <td scope=\\"col\\">5</td>
  </tr>
  <tr class=\\"\\">
    <!--v-if-->
    <th>110</th>
    <td scope=\\"col\\">5</td>
    <td scope=\\"col\\">5</td>
    <td scope=\\"col\\">5</td>
    <td scope=\\"col\\">5</td>
    <td scope=\\"col\\">5</td>
    <td scope=\\"col\\">5</td>
    <td scope=\\"col\\">5</td>
    <td scope=\\"col\\">5</td>
    <td scope=\\"col\\">5</td>
    <td scope=\\"col\\">5</td>
    <td scope=\\"col\\">5</td>
    <td scope=\\"col\\">5</td>
    <td scope=\\"col\\">5</td>
    <td scope=\\"col\\">5</td>
    <td scope=\\"col\\">5</td>
  </tr>
  <tr class=\\"\\">
    <!--v-if-->
    <th>115</th>
    <td scope=\\"col\\">5</td>
    <td scope=\\"col\\">5</td>
    <td scope=\\"col\\">5</td>
    <td scope=\\"col\\">5</td>
    <td scope=\\"col\\">5</td>
    <td scope=\\"col\\">5</td>
    <td scope=\\"col\\">5</td>
    <td scope=\\"col\\">5</td>
    <td scope=\\"col\\">5</td>
    <td scope=\\"col\\">5</td>
    <td scope=\\"col\\">5</td>
    <td scope=\\"col\\">5</td>
    <td scope=\\"col\\">5</td>
    <td scope=\\"col\\">5</td>
    <td scope=\\"col\\">5</td>
  </tr>
  <tr class=\\"\\">
    <!--v-if-->
    <th>120</th>
    <td scope=\\"col\\">5</td>
    <td scope=\\"col\\">5</td>
    <td scope=\\"col\\">5</td>
    <td scope=\\"col\\">5</td>
    <td scope=\\"col\\">5</td>
    <td scope=\\"col\\">5</td>
    <td scope=\\"col\\">5</td>
    <td scope=\\"col\\">5</td>
    <td scope=\\"col\\">5</td>
    <td scope=\\"col\\">5</td>
    <td scope=\\"col\\">5</td>
    <td scope=\\"col\\">5</td>
    <td scope=\\"col\\">5</td>
    <td scope=\\"col\\">5</td>
    <td scope=\\"col\\">5</td>
  </tr>
  <tr class=\\"\\">
    <!--v-if-->
    <th>125</th>
    <td scope=\\"col\\">5</td>
    <td scope=\\"col\\">5</td>
    <td scope=\\"col\\">5</td>
    <td scope=\\"col\\">5</td>
    <td scope=\\"col\\">5</td>
    <td scope=\\"col\\">5</td>
    <td scope=\\"col\\">5</td>
    <td scope=\\"col\\">5</td>
    <td scope=\\"col\\">5</td>
    <td scope=\\"col\\">5</td>
    <td scope=\\"col\\">5</td>
    <td scope=\\"col\\">5</td>
    <td scope=\\"col\\">5</td>
    <td scope=\\"col\\">5</td>
    <td scope=\\"col\\">5</td>
  </tr>
  <tr class=\\"\\">
    <!--v-if-->
    <th>130</th>
    <td scope=\\"col\\">4</td>
    <td scope=\\"col\\">4</td>
    <td scope=\\"col\\">4</td>
    <td scope=\\"col\\">4</td>
    <td scope=\\"col\\">4</td>
    <td scope=\\"col\\">4</td>
    <td scope=\\"col\\">4</td>
    <td scope=\\"col\\">4</td>
    <td scope=\\"col\\">4</td>
    <td scope=\\"col\\">4</td>
    <td scope=\\"col\\">4</td>
    <td scope=\\"col\\">4</td>
    <td scope=\\"col\\">4</td>
    <td scope=\\"col\\">4</td>
    <td scope=\\"col\\">4</td>
  </tr>
  <tr class=\\"\\">
    <!--v-if-->
    <th>135</th>
    <td scope=\\"col\\">4</td>
    <td scope=\\"col\\">4</td>
    <td scope=\\"col\\">4</td>
    <td scope=\\"col\\">4</td>
    <td scope=\\"col\\">4</td>
    <td scope=\\"col\\">4</td>
    <td scope=\\"col\\">4</td>
    <td scope=\\"col\\">4</td>
    <td scope=\\"col\\">4</td>
    <td scope=\\"col\\">4</td>
    <td scope=\\"col\\">4</td>
    <td scope=\\"col\\">4</td>
    <td scope=\\"col\\">4</td>
    <td scope=\\"col\\">4</td>
    <td scope=\\"col\\">4</td>
  </tr>
  <tr class=\\"\\">
    <!--v-if-->
    <th>140</th>
    <td scope=\\"col\\">4</td>
    <td scope=\\"col\\">4</td>
    <td scope=\\"col\\">4</td>
    <td scope=\\"col\\">4</td>
    <td scope=\\"col\\">4</td>
    <td scope=\\"col\\">4</td>
    <td scope=\\"col\\">4</td>
    <td scope=\\"col\\">4</td>
    <td scope=\\"col\\">4</td>
    <td scope=\\"col\\">4</td>
    <td scope=\\"col\\">4</td>
    <td scope=\\"col\\">4</td>
    <td scope=\\"col\\">4</td>
    <td scope=\\"col\\">4</td>
    <td scope=\\"col\\">4</td>
  </tr>
  <tr class=\\"\\">
    <!--v-if-->
    <th>145</th>
    <td scope=\\"col\\">4</td>
    <td scope=\\"col\\">4</td>
    <td scope=\\"col\\">4</td>
    <td scope=\\"col\\">4</td>
    <td scope=\\"col\\">4</td>
    <td scope=\\"col\\">4</td>
    <td scope=\\"col\\">4</td>
    <td scope=\\"col\\">4</td>
    <td scope=\\"col\\">4</td>
    <td scope=\\"col\\">4</td>
    <td scope=\\"col\\">4</td>
    <td scope=\\"col\\">4</td>
    <td scope=\\"col\\">4</td>
    <td scope=\\"col\\">4</td>
    <td scope=\\"col\\">4</td>
  </tr>
  <tr class=\\"\\">
    <!--v-if-->
    <th>150</th>
    <td scope=\\"col\\">4</td>
    <td scope=\\"col\\">4</td>
    <td scope=\\"col\\">4</td>
    <td scope=\\"col\\">4</td>
    <td scope=\\"col\\">4</td>
    <td scope=\\"col\\">4</td>
    <td scope=\\"col\\">4</td>
    <td scope=\\"col\\">4</td>
    <td scope=\\"col\\">4</td>
    <td scope=\\"col\\">4</td>
    <td scope=\\"col\\">4</td>
    <td scope=\\"col\\">4</td>
    <td scope=\\"col\\">4</td>
    <td scope=\\"col\\">4</td>
    <td scope=\\"col\\">4</td>
  </tr>
  <tr class=\\"\\">
    <!--v-if-->
    <th>155</th>
    <td scope=\\"col\\">4</td>
    <td scope=\\"col\\">4</td>
    <td scope=\\"col\\">4</td>
    <td scope=\\"col\\">4</td>
    <td scope=\\"col\\">4</td>
    <td scope=\\"col\\">4</td>
    <td scope=\\"col\\">4</td>
    <td scope=\\"col\\">4</td>
    <td scope=\\"col\\">4</td>
    <td scope=\\"col\\">4</td>
    <td scope=\\"col\\">4</td>
    <td scope=\\"col\\">4</td>
    <td scope=\\"col\\">4</td>
    <td scope=\\"col\\">4</td>
    <td scope=\\"col\\">4</td>
  </tr>
  <tr class=\\"\\">
    <!--v-if-->
    <th>160</th>
    <td scope=\\"col\\">4</td>
    <td scope=\\"col\\">4</td>
    <td scope=\\"col\\">4</td>
    <td scope=\\"col\\">4</td>
    <td scope=\\"col\\">4</td>
    <td scope=\\"col\\">4</td>
    <td scope=\\"col\\">4</td>
    <td scope=\\"col\\">4</td>
    <td scope=\\"col\\">4</td>
    <td scope=\\"col\\">4</td>
    <td scope=\\"col\\">4</td>
    <td scope=\\"col\\">4</td>
    <td scope=\\"col\\">4</td>
    <td scope=\\"col\\">4</td>
    <td scope=\\"col\\">4</td>
  </tr>
  <tr class=\\"\\">
    <!--v-if-->
    <th>165</th>
    <td scope=\\"col\\">4</td>
    <td scope=\\"col\\">4</td>
    <td scope=\\"col\\">4</td>
    <td scope=\\"col\\">4</td>
    <td scope=\\"col\\">4</td>
    <td scope=\\"col\\">4</td>
    <td scope=\\"col\\">4</td>
    <td scope=\\"col\\">4</td>
    <td scope=\\"col\\">4</td>
    <td scope=\\"col\\">4</td>
    <td scope=\\"col\\">4</td>
    <td scope=\\"col\\">4</td>
    <td scope=\\"col\\">4</td>
    <td scope=\\"col\\">4</td>
    <td scope=\\"col\\">4</td>
  </tr>
  <tr class=\\"\\">
    <!--v-if-->
    <th>170</th>
    <td scope=\\"col\\">4</td>
    <td scope=\\"col\\">4</td>
    <td scope=\\"col\\">4</td>
    <td scope=\\"col\\">4</td>
    <td scope=\\"col\\">4</td>
    <td scope=\\"col\\">4</td>
    <td scope=\\"col\\">4</td>
    <td scope=\\"col\\">4</td>
    <td scope=\\"col\\">4</td>
    <td scope=\\"col\\">4</td>
    <td scope=\\"col\\">4</td>
    <td scope=\\"col\\">4</td>
    <td scope=\\"col\\">4</td>
    <td scope=\\"col\\">4</td>
    <td scope=\\"col\\">4</td>
  </tr>
  <tr class=\\"\\">
    <!--v-if-->
    <th>175</th>
    <td scope=\\"col\\">4</td>
    <td scope=\\"col\\">4</td>
    <td scope=\\"col\\">4</td>
    <td scope=\\"col\\">4</td>
    <td scope=\\"col\\">4</td>
    <td scope=\\"col\\">4</td>
    <td scope=\\"col\\">4</td>
    <td scope=\\"col\\">4</td>
    <td scope=\\"col\\">4</td>
    <td scope=\\"col\\">4</td>
    <td scope=\\"col\\">4</td>
    <td scope=\\"col\\">4</td>
    <td scope=\\"col\\">4</td>
    <td scope=\\"col\\">4</td>
    <td scope=\\"col\\">4</td>
  </tr>
  <tr class=\\"\\">
    <!--v-if-->
    <th>180</th>
    <td scope=\\"col\\">4</td>
    <td scope=\\"col\\">4</td>
    <td scope=\\"col\\">4</td>
    <td scope=\\"col\\">4</td>
    <td scope=\\"col\\">4</td>
    <td scope=\\"col\\">4</td>
    <td scope=\\"col\\">4</td>
    <td scope=\\"col\\">4</td>
    <td scope=\\"col\\">4</td>
    <td scope=\\"col\\">4</td>
    <td scope=\\"col\\">4</td>
    <td scope=\\"col\\">4</td>
    <td scope=\\"col\\">4</td>
    <td scope=\\"col\\">4</td>
    <td scope=\\"col\\">4</td>
  </tr>
  <tr class=\\"\\">
    <!--v-if-->
    <th>185</th>
    <td scope=\\"col\\">4</td>
    <td scope=\\"col\\">4</td>
    <td scope=\\"col\\">4</td>
    <td scope=\\"col\\">4</td>
    <td scope=\\"col\\">4</td>
    <td scope=\\"col\\">4</td>
    <td scope=\\"col\\">4</td>
    <td scope=\\"col\\">4</td>
    <td scope=\\"col\\">4</td>
    <td scope=\\"col\\">4</td>
    <td scope=\\"col\\">4</td>
    <td scope=\\"col\\">4</td>
    <td scope=\\"col\\">4</td>
    <td scope=\\"col\\">4</td>
    <td scope=\\"col\\">4</td>
  </tr>
  <tr class=\\"\\">
    <!--v-if-->
    <th>190</th>
    <td scope=\\"col\\">4</td>
    <td scope=\\"col\\">4</td>
    <td scope=\\"col\\">4</td>
    <td scope=\\"col\\">4</td>
    <td scope=\\"col\\">4</td>
    <td scope=\\"col\\">4</td>
    <td scope=\\"col\\">4</td>
    <td scope=\\"col\\">4</td>
    <td scope=\\"col\\">4</td>
    <td scope=\\"col\\">4</td>
    <td scope=\\"col\\">4</td>
    <td scope=\\"col\\">4</td>
    <td scope=\\"col\\">4</td>
    <td scope=\\"col\\">4</td>
    <td scope=\\"col\\">4</td>
  </tr>
  <tr class=\\"\\">
    <!--v-if-->
    <th>195</th>
    <td scope=\\"col\\">4</td>
    <td scope=\\"col\\">4</td>
    <td scope=\\"col\\">4</td>
    <td scope=\\"col\\">4</td>
    <td scope=\\"col\\">4</td>
    <td scope=\\"col\\">4</td>
    <td scope=\\"col\\">4</td>
    <td scope=\\"col\\">4</td>
    <td scope=\\"col\\">4</td>
    <td scope=\\"col\\">4</td>
    <td scope=\\"col\\">4</td>
    <td scope=\\"col\\">4</td>
    <td scope=\\"col\\">4</td>
    <td scope=\\"col\\">4</td>
    <td scope=\\"col\\">4</td>
  </tr>
  <tr class=\\"\\">
    <!--v-if-->
    <th>200</th>
    <td scope=\\"col\\">4</td>
    <td scope=\\"col\\">4</td>
    <td scope=\\"col\\">4</td>
    <td scope=\\"col\\">4</td>
    <td scope=\\"col\\">4</td>
    <td scope=\\"col\\">4</td>
    <td scope=\\"col\\">4</td>
    <td scope=\\"col\\">4</td>
    <td scope=\\"col\\">4</td>
    <td scope=\\"col\\">4</td>
    <td scope=\\"col\\">4</td>
    <td scope=\\"col\\">4</td>
    <td scope=\\"col\\">4</td>
    <td scope=\\"col\\">4</td>
    <td scope=\\"col\\">4</td>
  </tr>
  <tr class=\\"\\">
    <!--v-if-->
    <th>205</th>
    <td scope=\\"col\\">4</td>
    <td scope=\\"col\\">4</td>
    <td scope=\\"col\\">4</td>
    <td scope=\\"col\\">4</td>
    <td scope=\\"col\\">4</td>
    <td scope=\\"col\\">4</td>
    <td scope=\\"col\\">4</td>
    <td scope=\\"col\\">4</td>
    <td scope=\\"col\\">4</td>
    <td scope=\\"col\\">4</td>
    <td scope=\\"col\\">4</td>
    <td scope=\\"col\\">4</td>
    <td scope=\\"col\\">4</td>
    <td scope=\\"col\\">4</td>
    <td scope=\\"col\\">4</td>
  </tr>
  <tr class=\\"\\">
    <!--v-if-->
    <th>210</th>
    <td scope=\\"col\\">4</td>
    <td scope=\\"col\\">4</td>
    <td scope=\\"col\\">4</td>
    <td scope=\\"col\\">4</td>
    <td scope=\\"col\\">4</td>
    <td scope=\\"col\\">4</td>
    <td scope=\\"col\\">4</td>
    <td scope=\\"col\\">4</td>
    <td scope=\\"col\\">4</td>
    <td scope=\\"col\\">4</td>
    <td scope=\\"col\\">4</td>
    <td scope=\\"col\\">4</td>
    <td scope=\\"col\\">4</td>
    <td scope=\\"col\\">4</td>
    <td scope=\\"col\\">4</td>
  </tr>
  <tr class=\\"\\">
    <!--v-if-->
    <th>215</th>
    <td scope=\\"col\\">4</td>
    <td scope=\\"col\\">4</td>
    <td scope=\\"col\\">4</td>
    <td scope=\\"col\\">4</td>
    <td scope=\\"col\\">4</td>
    <td scope=\\"col\\">4</td>
    <td scope=\\"col\\">4</td>
    <td scope=\\"col\\">4</td>
    <td scope=\\"col\\">4</td>
    <td scope=\\"col\\">4</td>
    <td scope=\\"col\\">4</td>
    <td scope=\\"col\\">4</td>
    <td scope=\\"col\\">4</td>
    <td scope=\\"col\\">4</td>
    <td scope=\\"col\\">4</td>
  </tr>
  <tr class=\\"\\">
    <!--v-if-->
    <th>220</th>
    <td scope=\\"col\\">4</td>
    <td scope=\\"col\\">4</td>
    <td scope=\\"col\\">4</td>
    <td scope=\\"col\\">4</td>
    <td scope=\\"col\\">4</td>
    <td scope=\\"col\\">4</td>
    <td scope=\\"col\\">4</td>
    <td scope=\\"col\\">4</td>
    <td scope=\\"col\\">4</td>
    <td scope=\\"col\\">4</td>
    <td scope=\\"col\\">4</td>
    <td scope=\\"col\\">4</td>
    <td scope=\\"col\\">4</td>
    <td scope=\\"col\\">4</td>
    <td scope=\\"col\\">4</td>
  </tr>
  <tr class=\\"\\">
    <!--v-if-->
    <th>225</th>
    <td scope=\\"col\\">3</td>
    <td scope=\\"col\\">3</td>
    <td scope=\\"col\\">3</td>
    <td scope=\\"col\\">3</td>
    <td scope=\\"col\\">3</td>
    <td scope=\\"col\\">3</td>
    <td scope=\\"col\\">3</td>
    <td scope=\\"col\\">3</td>
    <td scope=\\"col\\">3</td>
    <td scope=\\"col\\">3</td>
    <td scope=\\"col\\">3</td>
    <td scope=\\"col\\">3</td>
    <td scope=\\"col\\">3</td>
    <td scope=\\"col\\">3</td>
    <td scope=\\"col\\">3</td>
  </tr>
  <tr class=\\"\\">
    <!--v-if-->
    <th>230</th>
    <td scope=\\"col\\">3</td>
    <td scope=\\"col\\">3</td>
    <td scope=\\"col\\">3</td>
    <td scope=\\"col\\">3</td>
    <td scope=\\"col\\">3</td>
    <td scope=\\"col\\">3</td>
    <td scope=\\"col\\">3</td>
    <td scope=\\"col\\">3</td>
    <td scope=\\"col\\">3</td>
    <td scope=\\"col\\">3</td>
    <td scope=\\"col\\">3</td>
    <td scope=\\"col\\">3</td>
    <td scope=\\"col\\">3</td>
    <td scope=\\"col\\">3</td>
    <td scope=\\"col\\">3</td>
  </tr>
  <tr class=\\"\\">
    <!--v-if-->
    <th>235</th>
    <td scope=\\"col\\">3</td>
    <td scope=\\"col\\">3</td>
    <td scope=\\"col\\">3</td>
    <td scope=\\"col\\">3</td>
    <td scope=\\"col\\">3</td>
    <td scope=\\"col\\">3</td>
    <td scope=\\"col\\">3</td>
    <td scope=\\"col\\">3</td>
    <td scope=\\"col\\">3</td>
    <td scope=\\"col\\">3</td>
    <td scope=\\"col\\">3</td>
    <td scope=\\"col\\">3</td>
    <td scope=\\"col\\">3</td>
    <td scope=\\"col\\">3</td>
    <td scope=\\"col\\">3</td>
  </tr>
  <tr class=\\"\\">
    <!--v-if-->
    <th>240</th>
    <td scope=\\"col\\">3</td>
    <td scope=\\"col\\">3</td>
    <td scope=\\"col\\">3</td>
    <td scope=\\"col\\">3</td>
    <td scope=\\"col\\">3</td>
    <td scope=\\"col\\">3</td>
    <td scope=\\"col\\">3</td>
    <td scope=\\"col\\">3</td>
    <td scope=\\"col\\">3</td>
    <td scope=\\"col\\">3</td>
    <td scope=\\"col\\">3</td>
    <td scope=\\"col\\">3</td>
    <td scope=\\"col\\">3</td>
    <td scope=\\"col\\">3</td>
    <td scope=\\"col\\">3</td>
  </tr>
  <tr class=\\"\\">
    <!--v-if-->
    <th>245</th>
    <td scope=\\"col\\">3</td>
    <td scope=\\"col\\">3</td>
    <td scope=\\"col\\">3</td>
    <td scope=\\"col\\">3</td>
    <td scope=\\"col\\">3</td>
    <td scope=\\"col\\">3</td>
    <td scope=\\"col\\">3</td>
    <td scope=\\"col\\">3</td>
    <td scope=\\"col\\">3</td>
    <td scope=\\"col\\">3</td>
    <td scope=\\"col\\">3</td>
    <td scope=\\"col\\">3</td>
    <td scope=\\"col\\">3</td>
    <td scope=\\"col\\">3</td>
    <td scope=\\"col\\">3</td>
  </tr>
  <tr class=\\"\\">
    <!--v-if-->
    <th>250</th>
    <td scope=\\"col\\">3</td>
    <td scope=\\"col\\">3</td>
    <td scope=\\"col\\">3</td>
    <td scope=\\"col\\">3</td>
    <td scope=\\"col\\">3</td>
    <td scope=\\"col\\">3</td>
    <td scope=\\"col\\">3</td>
    <td scope=\\"col\\">3</td>
    <td scope=\\"col\\">3</td>
    <td scope=\\"col\\">3</td>
    <td scope=\\"col\\">3</td>
    <td scope=\\"col\\">3</td>
    <td scope=\\"col\\">3</td>
    <td scope=\\"col\\">3</td>
    <td scope=\\"col\\">3</td>
  </tr>
</tbody>"
`;

exports[`Barbarian default values > frenzy (first swing hits) phaseblade/colossus sword 1`] = `
"<tbody>
  <tr class=\\"highlight-current-row\\">
    <th rowspan=\\"31\\" class=\\"vertical-label border-off\\">
      <div class=\\"vertical-label-spacer\\"></div>
      <div class=\\"vertical-label-text\\">Primary Weapon IAS with 0 Off-Weapon IAS</div>
    </th>
    <th>0</th>
    <td scope=\\"col\\">8/12</td>
    <td scope=\\"col\\">8/12</td>
    <td scope=\\"col\\">8/11</td>
    <td scope=\\"col\\">8/10</td>
    <td scope=\\"col\\">8/10</td>
    <td scope=\\"col\\">8/10</td>
    <td scope=\\"col\\">8/9</td>
    <td scope=\\"col\\">8/9</td>
    <td scope=\\"col\\">8/9</td>
    <td scope=\\"col\\">8/9</td>
    <td scope=\\"col\\">8/8</td>
    <td scope=\\"col\\">8/8</td>
    <td scope=\\"col\\">8/8</td>
    <td scope=\\"col\\">8/8</td>
    <td scope=\\"col\\">8/8</td>
  </tr>
  <tr class=\\"\\">
    <!--v-if-->
    <th>5</th>
    <td scope=\\"col\\">7/13</td>
    <td scope=\\"col\\">7/13</td>
    <td scope=\\"col\\">7/12</td>
    <td scope=\\"col\\">7/11</td>
    <td scope=\\"col\\">7/11</td>
    <td scope=\\"col\\">7/11</td>
    <td scope=\\"col\\">7/10</td>
    <td scope=\\"col\\">7/10</td>
    <td scope=\\"col\\">7/10</td>
    <td scope=\\"col\\">7/9</td>
    <td scope=\\"col\\">7/9</td>
    <td scope=\\"col\\">7/9</td>
    <td scope=\\"col\\">7/9</td>
    <td scope=\\"col\\">7/9</td>
    <td scope=\\"col\\">7/8</td>
  </tr>
  <tr class=\\"\\">
    <!--v-if-->
    <th>10</th>
    <td scope=\\"col\\">7/13</td>
    <td scope=\\"col\\">7/12</td>
    <td scope=\\"col\\">7/12</td>
    <td scope=\\"col\\">7/11</td>
    <td scope=\\"col\\">7/11</td>
    <td scope=\\"col\\">7/10</td>
    <td scope=\\"col\\">7/10</td>
    <td scope=\\"col\\">7/9</td>
    <td scope=\\"col\\">7/9</td>
    <td scope=\\"col\\">7/9</td>
    <td scope=\\"col\\">7/9</td>
    <td scope=\\"col\\">7/9</td>
    <td scope=\\"col\\">7/8</td>
    <td scope=\\"col\\">7/8</td>
    <td scope=\\"col\\">7/8</td>
  </tr>
  <tr class=\\"\\">
    <!--v-if-->
    <th>15</th>
    <td scope=\\"col\\">7/13</td>
    <td scope=\\"col\\">7/12</td>
    <td scope=\\"col\\">7/11</td>
    <td scope=\\"col\\">7/11</td>
    <td scope=\\"col\\">7/10</td>
    <td scope=\\"col\\">7/10</td>
    <td scope=\\"col\\">7/9</td>
    <td scope=\\"col\\">7/9</td>
    <td scope=\\"col\\">7/9</td>
    <td scope=\\"col\\">7/9</td>
    <td scope=\\"col\\">7/9</td>
    <td scope=\\"col\\">7/8</td>
    <td scope=\\"col\\">7/8</td>
    <td scope=\\"col\\">7/8</td>
    <td scope=\\"col\\">7/8</td>
  </tr>
  <tr class=\\"\\">
    <!--v-if-->
    <th>20</th>
    <td scope=\\"col\\">7/12</td>
    <td scope=\\"col\\">7/11</td>
    <td scope=\\"col\\">7/11</td>
    <td scope=\\"col\\">7/10</td>
    <td scope=\\"col\\">7/10</td>
    <td scope=\\"col\\">7/10</td>
    <td scope=\\"col\\">7/9</td>
    <td scope=\\"col\\">7/9</td>
    <td scope=\\"col\\">7/9</td>
    <td scope=\\"col\\">7/8</td>
    <td scope=\\"col\\">7/8</td>
    <td scope=\\"col\\">7/8</td>
    <td scope=\\"col\\">7/8</td>
    <td scope=\\"col\\">7/8</td>
    <td scope=\\"col\\">7/8</td>
  </tr>
  <tr class=\\"\\">
    <!--v-if-->
    <th>25</th>
    <td scope=\\"col\\">6/14</td>
    <td scope=\\"col\\">6/13</td>
    <td scope=\\"col\\">6/12</td>
    <td scope=\\"col\\">6/12</td>
    <td scope=\\"col\\">6/11</td>
    <td scope=\\"col\\">6/11</td>
    <td scope=\\"col\\">6/10</td>
    <td scope=\\"col\\">6/10</td>
    <td scope=\\"col\\">6/10</td>
    <td scope=\\"col\\">6/10</td>
    <td scope=\\"col\\">6/9</td>
    <td scope=\\"col\\">6/9</td>
    <td scope=\\"col\\">6/9</td>
    <td scope=\\"col\\">6/9</td>
    <td scope=\\"col\\">6/9</td>
  </tr>
  <tr class=\\"\\">
    <!--v-if-->
    <th>30</th>
    <td scope=\\"col\\">6/13</td>
    <td scope=\\"col\\">6/13</td>
    <td scope=\\"col\\">6/12</td>
    <td scope=\\"col\\">6/11</td>
    <td scope=\\"col\\">6/11</td>
    <td scope=\\"col\\">6/10</td>
    <td scope=\\"col\\">6/10</td>
    <td scope=\\"col\\">6/10</td>
    <td scope=\\"col\\">6/9</td>
    <td scope=\\"col\\">6/9</td>
    <td scope=\\"col\\">6/9</td>
    <td scope=\\"col\\">6/9</td>
    <td scope=\\"col\\">6/9</td>
    <td scope=\\"col\\">6/9</td>
    <td scope=\\"col\\">6/8</td>
  </tr>
  <tr class=\\"\\">
    <!--v-if-->
    <th>35</th>
    <td scope=\\"col\\">6/13</td>
    <td scope=\\"col\\">6/12</td>
    <td scope=\\"col\\">6/12</td>
    <td scope=\\"col\\">6/11</td>
    <td scope=\\"col\\">6/11</td>
    <td scope=\\"col\\">6/10</td>
    <td scope=\\"col\\">6/10</td>
    <td scope=\\"col\\">6/10</td>
    <td scope=\\"col\\">6/9</td>
    <td scope=\\"col\\">6/9</td>
    <td scope=\\"col\\">6/9</td>
    <td scope=\\"col\\">6/9</td>
    <td scope=\\"col\\">6/9</td>
    <td scope=\\"col\\">6/8</td>
    <td scope=\\"col\\">6/8</td>
  </tr>
  <tr class=\\"\\">
    <!--v-if-->
    <th>40</th>
    <td scope=\\"col\\">6/13</td>
    <td scope=\\"col\\">6/12</td>
    <td scope=\\"col\\">6/11</td>
    <td scope=\\"col\\">6/11</td>
    <td scope=\\"col\\">6/10</td>
    <td scope=\\"col\\">6/10</td>
    <td scope=\\"col\\">6/10</td>
    <td scope=\\"col\\">6/9</td>
    <td scope=\\"col\\">6/9</td>
    <td scope=\\"col\\">6/9</td>
    <td scope=\\"col\\">6/9</td>
    <td scope=\\"col\\">6/9</td>
    <td scope=\\"col\\">6/8</td>
    <td scope=\\"col\\">6/8</td>
    <td scope=\\"col\\">6/8</td>
  </tr>
  <tr class=\\"\\">
    <!--v-if-->
    <th>45</th>
    <td scope=\\"col\\">6/13</td>
    <td scope=\\"col\\">6/12</td>
    <td scope=\\"col\\">6/11</td>
    <td scope=\\"col\\">6/11</td>
    <td scope=\\"col\\">6/10</td>
    <td scope=\\"col\\">6/10</td>
    <td scope=\\"col\\">6/10</td>
    <td scope=\\"col\\">6/9</td>
    <td scope=\\"col\\">6/9</td>
    <td scope=\\"col\\">6/9</td>
    <td scope=\\"col\\">6/9</td>
    <td scope=\\"col\\">6/8</td>
    <td scope=\\"col\\">6/8</td>
    <td scope=\\"col\\">6/8</td>
    <td scope=\\"col\\">6/8</td>
  </tr>
  <tr class=\\"\\">
    <!--v-if-->
    <th>50</th>
    <td scope=\\"col\\">6/12</td>
    <td scope=\\"col\\">6/12</td>
    <td scope=\\"col\\">6/11</td>
    <td scope=\\"col\\">6/11</td>
    <td scope=\\"col\\">6/10</td>
    <td scope=\\"col\\">6/10</td>
    <td scope=\\"col\\">6/9</td>
    <td scope=\\"col\\">6/9</td>
    <td scope=\\"col\\">6/9</td>
    <td scope=\\"col\\">6/9</td>
    <td scope=\\"col\\">6/8</td>
    <td scope=\\"col\\">6/8</td>
    <td scope=\\"col\\">6/8</td>
    <td scope=\\"col\\">6/8</td>
    <td scope=\\"col\\">6/8</td>
  </tr>
  <tr class=\\"\\">
    <!--v-if-->
    <th>55</th>
    <td scope=\\"col\\">6/12</td>
    <td scope=\\"col\\">6/12</td>
    <td scope=\\"col\\">6/11</td>
    <td scope=\\"col\\">6/10</td>
    <td scope=\\"col\\">6/10</td>
    <td scope=\\"col\\">6/10</td>
    <td scope=\\"col\\">6/9</td>
    <td scope=\\"col\\">6/9</td>
    <td scope=\\"col\\">6/9</td>
    <td scope=\\"col\\">6/9</td>
    <td scope=\\"col\\">6/8</td>
    <td scope=\\"col\\">6/8</td>
    <td scope=\\"col\\">6/8</td>
    <td scope=\\"col\\">6/8</td>
    <td scope=\\"col\\">6/8</td>
  </tr>
  <tr class=\\"\\">
    <!--v-if-->
    <th>60</th>
    <td scope=\\"col\\">5/14</td>
    <td scope=\\"col\\">5/13</td>
    <td scope=\\"col\\">5/13</td>
    <td scope=\\"col\\">5/12</td>
    <td scope=\\"col\\">5/11</td>
    <td scope=\\"col\\">5/11</td>
    <td scope=\\"col\\">5/11</td>
    <td scope=\\"col\\">5/10</td>
    <td scope=\\"col\\">5/10</td>
    <td scope=\\"col\\">5/10</td>
    <td scope=\\"col\\">5/10</td>
    <td scope=\\"col\\">5/9</td>
    <td scope=\\"col\\">5/9</td>
    <td scope=\\"col\\">5/9</td>
    <td scope=\\"col\\">5/9</td>
  </tr>
  <tr class=\\"\\">
    <!--v-if-->
    <th>65</th>
    <td scope=\\"col\\">5/14</td>
    <td scope=\\"col\\">5/13</td>
    <td scope=\\"col\\">5/12</td>
    <td scope=\\"col\\">5/12</td>
    <td scope=\\"col\\">5/11</td>
    <td scope=\\"col\\">5/11</td>
    <td scope=\\"col\\">5/11</td>
    <td scope=\\"col\\">5/10</td>
    <td scope=\\"col\\">5/10</td>
    <td scope=\\"col\\">5/10</td>
    <td scope=\\"col\\">5/9</td>
    <td scope=\\"col\\">5/9</td>
    <td scope=\\"col\\">5/9</td>
    <td scope=\\"col\\">5/9</td>
    <td scope=\\"col\\">5/9</td>
  </tr>
  <tr class=\\"\\">
    <!--v-if-->
    <th>70</th>
    <td scope=\\"col\\">5/14</td>
    <td scope=\\"col\\">5/13</td>
    <td scope=\\"col\\">5/12</td>
    <td scope=\\"col\\">5/12</td>
    <td scope=\\"col\\">5/11</td>
    <td scope=\\"col\\">5/11</td>
    <td scope=\\"col\\">5/10</td>
    <td scope=\\"col\\">5/10</td>
    <td scope=\\"col\\">5/10</td>
    <td scope=\\"col\\">5/10</td>
    <td scope=\\"col\\">5/9</td>
    <td scope=\\"col\\">5/9</td>
    <td scope=\\"col\\">5/9</td>
    <td scope=\\"col\\">5/9</td>
    <td scope=\\"col\\">5/9</td>
  </tr>
  <tr class=\\"\\">
    <!--v-if-->
    <th>75</th>
    <td scope=\\"col\\">5/14</td>
    <td scope=\\"col\\">5/13</td>
    <td scope=\\"col\\">5/12</td>
    <td scope=\\"col\\">5/12</td>
    <td scope=\\"col\\">5/11</td>
    <td scope=\\"col\\">5/11</td>
    <td scope=\\"col\\">5/10</td>
    <td scope=\\"col\\">5/10</td>
    <td scope=\\"col\\">5/10</td>
    <td scope=\\"col\\">5/10</td>
    <td scope=\\"col\\">5/9</td>
    <td scope=\\"col\\">5/9</td>
    <td scope=\\"col\\">5/9</td>
    <td scope=\\"col\\">5/9</td>
    <td scope=\\"col\\">5/9</td>
  </tr>
  <tr class=\\"\\">
    <!--v-if-->
    <th>80</th>
    <td scope=\\"col\\">5/14</td>
    <td scope=\\"col\\">5/13</td>
    <td scope=\\"col\\">5/12</td>
    <td scope=\\"col\\">5/11</td>
    <td scope=\\"col\\">5/11</td>
    <td scope=\\"col\\">5/11</td>
    <td scope=\\"col\\">5/10</td>
    <td scope=\\"col\\">5/10</td>
    <td scope=\\"col\\">5/10</td>
    <td scope=\\"col\\">5/9</td>
    <td scope=\\"col\\">5/9</td>
    <td scope=\\"col\\">5/9</td>
    <td scope=\\"col\\">5/9</td>
    <td scope=\\"col\\">5/9</td>
    <td scope=\\"col\\">5/9</td>
  </tr>
  <tr class=\\"\\">
    <!--v-if-->
    <th>85</th>
    <td scope=\\"col\\">5/13</td>
    <td scope=\\"col\\">5/13</td>
    <td scope=\\"col\\">5/12</td>
    <td scope=\\"col\\">5/11</td>
    <td scope=\\"col\\">5/11</td>
    <td scope=\\"col\\">5/11</td>
    <td scope=\\"col\\">5/10</td>
    <td scope=\\"col\\">5/10</td>
    <td scope=\\"col\\">5/10</td>
    <td scope=\\"col\\">5/9</td>
    <td scope=\\"col\\">5/9</td>
    <td scope=\\"col\\">5/9</td>
    <td scope=\\"col\\">5/9</td>
    <td scope=\\"col\\">5/9</td>
    <td scope=\\"col\\">5/8</td>
  </tr>
  <tr class=\\"\\">
    <!--v-if-->
    <th>90</th>
    <td scope=\\"col\\">5/13</td>
    <td scope=\\"col\\">5/13</td>
    <td scope=\\"col\\">5/12</td>
    <td scope=\\"col\\">5/11</td>
    <td scope=\\"col\\">5/11</td>
    <td scope=\\"col\\">5/10</td>
    <td scope=\\"col\\">5/10</td>
    <td scope=\\"col\\">5/10</td>
    <td scope=\\"col\\">5/9</td>
    <td scope=\\"col\\">5/9</td>
    <td scope=\\"col\\">5/9</td>
    <td scope=\\"col\\">5/9</td>
    <td scope=\\"col\\">5/9</td>
    <td scope=\\"col\\">5/9</td>
    <td scope=\\"col\\">5/8</td>
  </tr>
  <tr class=\\"\\">
    <!--v-if-->
    <th>95</th>
    <td scope=\\"col\\">5/13</td>
    <td scope=\\"col\\">5/12</td>
    <td scope=\\"col\\">5/12</td>
    <td scope=\\"col\\">5/11</td>
    <td scope=\\"col\\">5/11</td>
    <td scope=\\"col\\">5/10</td>
    <td scope=\\"col\\">5/10</td>
    <td scope=\\"col\\">5/10</td>
    <td scope=\\"col\\">5/9</td>
    <td scope=\\"col\\">5/9</td>
    <td scope=\\"col\\">5/9</td>
    <td scope=\\"col\\">5/9</td>
    <td scope=\\"col\\">5/9</td>
    <td scope=\\"col\\">5/8</td>
    <td scope=\\"col\\">5/8</td>
  </tr>
  <tr class=\\"\\">
    <!--v-if-->
    <th>100</th>
    <td scope=\\"col\\">5/13</td>
    <td scope=\\"col\\">5/12</td>
    <td scope=\\"col\\">5/12</td>
    <td scope=\\"col\\">5/11</td>
    <td scope=\\"col\\">5/11</td>
    <td scope=\\"col\\">5/10</td>
    <td scope=\\"col\\">5/10</td>
    <td scope=\\"col\\">5/10</td>
    <td scope=\\"col\\">5/9</td>
    <td scope=\\"col\\">5/9</td>
    <td scope=\\"col\\">5/9</td>
    <td scope=\\"col\\">5/9</td>
    <td scope=\\"col\\">5/9</td>
    <td scope=\\"col\\">5/8</td>
    <td scope=\\"col\\">5/8</td>
  </tr>
  <tr class=\\"\\">
    <!--v-if-->
    <th>105</th>
    <td scope=\\"col\\">5/13</td>
    <td scope=\\"col\\">5/12</td>
    <td scope=\\"col\\">5/12</td>
    <td scope=\\"col\\">5/11</td>
    <td scope=\\"col\\">5/11</td>
    <td scope=\\"col\\">5/10</td>
    <td scope=\\"col\\">5/10</td>
    <td scope=\\"col\\">5/9</td>
    <td scope=\\"col\\">5/9</td>
    <td scope=\\"col\\">5/9</td>
    <td scope=\\"col\\">5/9</td>
    <td scope=\\"col\\">5/9</td>
    <td scope=\\"col\\">5/8</td>
    <td scope=\\"col\\">5/8</td>
    <td scope=\\"col\\">5/8</td>
  </tr>
  <tr class=\\"\\">
    <!--v-if-->
    <th>110</th>
    <td scope=\\"col\\">5/13</td>
    <td scope=\\"col\\">5/12</td>
    <td scope=\\"col\\">5/11</td>
    <td scope=\\"col\\">5/11</td>
    <td scope=\\"col\\">5/10</td>
    <td scope=\\"col\\">5/10</td>
    <td scope=\\"col\\">5/10</td>
    <td scope=\\"col\\">5/9</td>
    <td scope=\\"col\\">5/9</td>
    <td scope=\\"col\\">5/9</td>
    <td scope=\\"col\\">5/9</td>
    <td scope=\\"col\\">5/9</td>
    <td scope=\\"col\\">5/8</td>
    <td scope=\\"col\\">5/8</td>
    <td scope=\\"col\\">5/8</td>
  </tr>
  <tr class=\\"\\">
    <!--v-if-->
    <th>115</th>
    <td scope=\\"col\\">5/13</td>
    <td scope=\\"col\\">5/12</td>
    <td scope=\\"col\\">5/11</td>
    <td scope=\\"col\\">5/11</td>
    <td scope=\\"col\\">5/10</td>
    <td scope=\\"col\\">5/10</td>
    <td scope=\\"col\\">5/10</td>
    <td scope=\\"col\\">5/9</td>
    <td scope=\\"col\\">5/9</td>
    <td scope=\\"col\\">5/9</td>
    <td scope=\\"col\\">5/9</td>
    <td scope=\\"col\\">5/9</td>
    <td scope=\\"col\\">5/8</td>
    <td scope=\\"col\\">5/8</td>
    <td scope=\\"col\\">5/8</td>
  </tr>
  <tr class=\\"\\">
    <!--v-if-->
    <th>120</th>
    <td scope=\\"col\\">5/13</td>
    <td scope=\\"col\\">5/12</td>
    <td scope=\\"col\\">5/11</td>
    <td scope=\\"col\\">5/11</td>
    <td scope=\\"col\\">5/10</td>
    <td scope=\\"col\\">5/10</td>
    <td scope=\\"col\\">5/10</td>
    <td scope=\\"col\\">5/9</td>
    <td scope=\\"col\\">5/9</td>
    <td scope=\\"col\\">5/9</td>
    <td scope=\\"col\\">5/9</td>
    <td scope=\\"col\\">5/8</td>
    <td scope=\\"col\\">5/8</td>
    <td scope=\\"col\\">5/8</td>
    <td scope=\\"col\\">5/8</td>
  </tr>
  <tr class=\\"\\">
    <!--v-if-->
    <th>125</th>
    <td scope=\\"col\\">5/13</td>
    <td scope=\\"col\\">5/12</td>
    <td scope=\\"col\\">5/11</td>
    <td scope=\\"col\\">5/11</td>
    <td scope=\\"col\\">5/10</td>
    <td scope=\\"col\\">5/10</td>
    <td scope=\\"col\\">5/10</td>
    <td scope=\\"col\\">5/9</td>
    <td scope=\\"col\\">5/9</td>
    <td scope=\\"col\\">5/9</td>
    <td scope=\\"col\\">5/9</td>
    <td scope=\\"col\\">5/8</td>
    <td scope=\\"col\\">5/8</td>
    <td scope=\\"col\\">5/8</td>
    <td scope=\\"col\\">5/8</td>
  </tr>
  <tr class=\\"\\">
    <!--v-if-->
    <th>130</th>
    <td scope=\\"col\\">5/13</td>
    <td scope=\\"col\\">5/12</td>
    <td scope=\\"col\\">5/11</td>
    <td scope=\\"col\\">5/11</td>
    <td scope=\\"col\\">5/10</td>
    <td scope=\\"col\\">5/10</td>
    <td scope=\\"col\\">5/9</td>
    <td scope=\\"col\\">5/9</td>
    <td scope=\\"col\\">5/9</td>
    <td scope=\\"col\\">5/9</td>
    <td scope=\\"col\\">5/9</td>
    <td scope=\\"col\\">5/8</td>
    <td scope=\\"col\\">5/8</td>
    <td scope=\\"col\\">5/8</td>
    <td scope=\\"col\\">5/8</td>
  </tr>
  <tr class=\\"\\">
    <!--v-if-->
    <th>135</th>
    <td scope=\\"col\\">5/12</td>
    <td scope=\\"col\\">5/12</td>
    <td scope=\\"col\\">5/11</td>
    <td scope=\\"col\\">5/11</td>
    <td scope=\\"col\\">5/10</td>
    <td scope=\\"col\\">5/10</td>
    <td scope=\\"col\\">5/9</td>
    <td scope=\\"col\\">5/9</td>
    <td scope=\\"col\\">5/9</td>
    <td scope=\\"col\\">5/9</td>
    <td scope=\\"col\\">5/8</td>
    <td scope=\\"col\\">5/8</td>
    <td scope=\\"col\\">5/8</td>
    <td scope=\\"col\\">5/8</td>
    <td scope=\\"col\\">5/8</td>
  </tr>
  <tr class=\\"\\">
    <!--v-if-->
    <th>140</th>
    <td scope=\\"col\\">5/12</td>
    <td scope=\\"col\\">5/12</td>
    <td scope=\\"col\\">5/11</td>
    <td scope=\\"col\\">5/11</td>
    <td scope=\\"col\\">5/10</td>
    <td scope=\\"col\\">5/10</td>
    <td scope=\\"col\\">5/9</td>
    <td scope=\\"col\\">5/9</td>
    <td scope=\\"col\\">5/9</td>
    <td scope=\\"col\\">5/9</td>
    <td scope=\\"col\\">5/8</td>
    <td scope=\\"col\\">5/8</td>
    <td scope=\\"col\\">5/8</td>
    <td scope=\\"col\\">5/8</td>
    <td scope=\\"col\\">5/8</td>
  </tr>
  <tr class=\\"\\">
    <!--v-if-->
    <th>145</th>
    <td scope=\\"col\\">5/12</td>
    <td scope=\\"col\\">5/12</td>
    <td scope=\\"col\\">5/11</td>
    <td scope=\\"col\\">5/10</td>
    <td scope=\\"col\\">5/10</td>
    <td scope=\\"col\\">5/10</td>
    <td scope=\\"col\\">5/9</td>
    <td scope=\\"col\\">5/9</td>
    <td scope=\\"col\\">5/9</td>
    <td scope=\\"col\\">5/9</td>
    <td scope=\\"col\\">5/8</td>
    <td scope=\\"col\\">5/8</td>
    <td scope=\\"col\\">5/8</td>
    <td scope=\\"col\\">5/8</td>
    <td scope=\\"col\\">5/8</td>
  </tr>
</tbody>"
`;

exports[`Barbarian default values > frenzy (first swing misses) 2x phaseblade 1`] = `
"<tbody>
  <tr class=\\"highlight-current-row\\">
    <th>0</th>
    <td>8.5</td>
    <td>2.94</td>
  </tr>
  <tr class=\\"\\">
    <th>8</th>
    <td>8</td>
    <td>3.12</td>
  </tr>
  <tr class=\\"\\">
    <th>16</th>
    <td>7.5</td>
    <td>3.33</td>
  </tr>
  <tr class=\\"\\">
    <th>27</th>
    <td>7</td>
    <td>3.57</td>
  </tr>
  <tr class=\\"\\">
    <th>42</th>
    <td>6.5</td>
    <td>3.84</td>
  </tr>
  <tr class=\\"\\">
    <th>65</th>
    <td>6</td>
    <td>4.16</td>
  </tr>
  <tr class=\\"\\">
    <th>102</th>
    <td>5.5</td>
    <td>4.54</td>
  </tr>
  <tr class=\\"\\">
    <th>174</th>
    <td>5</td>
    <td>5</td>
  </tr>
</tbody>"
`;

exports[`Barbarian default values > standard attack 1`] = `
"<tbody>
  <tr class=\\"highlight-current-row\\">
    <th>0</th>
    <td>11</td>
    <td>2.27</td>
  </tr>
  <tr class=\\"\\">
    <th>11</th>
    <td>10</td>
    <td>2.5</td>
  </tr>
  <tr class=\\"\\">
    <th>26</th>
    <td>9</td>
    <td>2.77</td>
  </tr>
  <tr class=\\"\\">
    <th>48</th>
    <td>8</td>
    <td>3.12</td>
  </tr>
  <tr class=\\"\\">
    <th>86</th>
    <td>7</td>
    <td>3.57</td>
  </tr>
  <tr class=\\"\\">
    <th>180</th>
    <td>6</td>
    <td>4.16</td>
  </tr>
</tbody>"
`;

exports[`Barbarian default values > whirlwind dual berserker axe 1`] = `
"<tbody>
  <tr class=\\"highlight-current-row\\">
    <th>0</th>
    <td>4</td>
    <td>6.25</td>
  </tr>
</tbody>"
`;

exports[`Barbarian default values > whirlwind single phaseblade high ias 1`] = `
"<tbody>
  <tr class=\\"highlight-current-row\\">
    <th>0</th>
    <td>4</td>
    <td>6.25</td>
  </tr>
</tbody>"
`;

exports[`Barbarian default values > whirlwind warpike 1`] = `
"<tbody>
  <tr class=\\"highlight-current-row\\">
    <th>0</th>
    <td>4</td>
    <td>6.25</td>
  </tr>
</tbody>"
`;
