// Jest Snapshot v1, https://goo.gl/fbAQLP

exports[`Druid default values feral with 31ias grief 1`] = `
<tbody>
  <th rowspan="53"><span class="vertical-label">Primary Weapon IAS</span></th>
  <tr class="">
    <th>0</th>
    <td>9</td>
    <td>9</td>
    <td>9</td>
    <td>9</td>
    <td>9</td>
    <td>9</td>
    <td>9</td>
    <td>9</td>
    <td>9</td>
    <td>9</td>
    <td>9</td>
    <td>9</td>
    <td>9</td>
    <td>9</td>
    <td>9</td>
    <!---->
  </tr>
  <tr class="">
    <th>5</th>
    <td>9</td>
    <td>9</td>
    <td>9</td>
    <td>9</td>
    <td>9</td>
    <td>9</td>
    <td>9</td>
    <td>9</td>
    <td>9</td>
    <td>9</td>
    <td>9</td>
    <td>9</td>
    <td>9</td>
    <td>9</td>
    <td>9</td>
    <!---->
  </tr>
  <tr class="">
    <th>10</th>
    <td>8</td>
    <td>8</td>
    <td>8</td>
    <td>8</td>
    <td>8</td>
    <td>8</td>
    <td>8</td>
    <td>8</td>
    <td>8</td>
    <td>8</td>
    <td>8</td>
    <td>8</td>
    <td>8</td>
    <td>8</td>
    <td>8</td>
    <!---->
  </tr>
  <tr class="">
    <th>15</th>
    <td>8</td>
    <td>8</td>
    <td>8</td>
    <td>8</td>
    <td>8</td>
    <td>8</td>
    <td>8</td>
    <td>8</td>
    <td>8</td>
    <td>8</td>
    <td>8</td>
    <td>8</td>
    <td>8</td>
    <td>8</td>
    <td>8</td>
    <!---->
  </tr>
  <tr class="">
    <th>20</th>
    <td>7</td>
    <td>7</td>
    <td>7</td>
    <td>7</td>
    <td>7</td>
    <td>7</td>
    <td>7</td>
    <td>7</td>
    <td>7</td>
    <td>7</td>
    <td>7</td>
    <td>7</td>
    <td>7</td>
    <td>7</td>
    <td>7</td>
    <!---->
  </tr>
  <tr class="">
    <th>25</th>
    <td>7</td>
    <td>7</td>
    <td>7</td>
    <td>7</td>
    <td>7</td>
    <td>7</td>
    <td>7</td>
    <td>7</td>
    <td>7</td>
    <td>7</td>
    <td>7</td>
    <td>7</td>
    <td>7</td>
    <td>7</td>
    <td>7</td>
    <!---->
  </tr>
  <tr class="">
    <th>30</th>
    <td>7</td>
    <td>7</td>
    <td>7</td>
    <td>7</td>
    <td>7</td>
    <td>7</td>
    <td>7</td>
    <td>7</td>
    <td>7</td>
    <td>7</td>
    <td>7</td>
    <td>7</td>
    <td>7</td>
    <td>7</td>
    <td>7</td>
    <!---->
  </tr>
  <tr class="highlight-current">
    <th>31</th>
    <td>7</td>
    <td>7</td>
    <td>7</td>
    <td>7</td>
    <td>7</td>
    <td>7</td>
    <td>7</td>
    <td>7</td>
    <td>7</td>
    <td>7</td>
    <td>7</td>
    <td>7</td>
    <td>7</td>
    <td>7</td>
    <td>7</td>
    <!---->
  </tr>
  <tr class="">
    <th>35</th>
    <td>7</td>
    <td>7</td>
    <td>7</td>
    <td>7</td>
    <td>7</td>
    <td>7</td>
    <td>7</td>
    <td>7</td>
    <td>7</td>
    <td>7</td>
    <td>7</td>
    <td>7</td>
    <td>7</td>
    <td>7</td>
    <td>7</td>
    <!---->
  </tr>
  <tr class="">
    <th>40</th>
    <td>7</td>
    <td>7</td>
    <td>7</td>
    <td>7</td>
    <td>7</td>
    <td>7</td>
    <td>7</td>
    <td>7</td>
    <td>7</td>
    <td>7</td>
    <td>7</td>
    <td>7</td>
    <td>7</td>
    <td>7</td>
    <td>7</td>
    <!---->
  </tr>
  <tr class="">
    <th>45</th>
    <td>6</td>
    <td>6</td>
    <td>6</td>
    <td>6</td>
    <td>6</td>
    <td>6</td>
    <td>6</td>
    <td>6</td>
    <td>6</td>
    <td>6</td>
    <td>6</td>
    <td>6</td>
    <td>6</td>
    <td>6</td>
    <td>6</td>
    <!---->
  </tr>
  <tr class="">
    <th>50</th>
    <td>6</td>
    <td>6</td>
    <td>6</td>
    <td>6</td>
    <td>6</td>
    <td>6</td>
    <td>6</td>
    <td>6</td>
    <td>6</td>
    <td>6</td>
    <td>6</td>
    <td>6</td>
    <td>6</td>
    <td>6</td>
    <td>6</td>
    <!---->
  </tr>
  <tr class="">
    <th>55</th>
    <td>6</td>
    <td>6</td>
    <td>6</td>
    <td>6</td>
    <td>6</td>
    <td>6</td>
    <td>6</td>
    <td>6</td>
    <td>6</td>
    <td>6</td>
    <td>6</td>
    <td>6</td>
    <td>6</td>
    <td>6</td>
    <td>6</td>
    <!---->
  </tr>
  <tr class="">
    <th>60</th>
    <td>6</td>
    <td>6</td>
    <td>6</td>
    <td>6</td>
    <td>6</td>
    <td>6</td>
    <td>6</td>
    <td>6</td>
    <td>6</td>
    <td>6</td>
    <td>6</td>
    <td>6</td>
    <td>6</td>
    <td>6</td>
    <td>6</td>
    <!---->
  </tr>
  <tr class="">
    <th>65</th>
    <td>5</td>
    <td>5</td>
    <td>5</td>
    <td>5</td>
    <td>5</td>
    <td>5</td>
    <td>5</td>
    <td>5</td>
    <td>5</td>
    <td>5</td>
    <td>5</td>
    <td>5</td>
    <td>5</td>
    <td>5</td>
    <td>5</td>
    <!---->
  </tr>
  <tr class="">
    <th>70</th>
    <td>5</td>
    <td>5</td>
    <td>5</td>
    <td>5</td>
    <td>5</td>
    <td>5</td>
    <td>5</td>
    <td>5</td>
    <td>5</td>
    <td>5</td>
    <td>5</td>
    <td>5</td>
    <td>5</td>
    <td>5</td>
    <td>5</td>
    <!---->
  </tr>
  <tr class="">
    <th>75</th>
    <td>5</td>
    <td>5</td>
    <td>5</td>
    <td>5</td>
    <td>5</td>
    <td>5</td>
    <td>5</td>
    <td>5</td>
    <td>5</td>
    <td>5</td>
    <td>5</td>
    <td>5</td>
    <td>5</td>
    <td>5</td>
    <td>5</td>
    <!---->
  </tr>
  <tr class="">
    <th>80</th>
    <td>5</td>
    <td>5</td>
    <td>5</td>
    <td>5</td>
    <td>5</td>
    <td>5</td>
    <td>5</td>
    <td>5</td>
    <td>5</td>
    <td>5</td>
    <td>5</td>
    <td>5</td>
    <td>5</td>
    <td>5</td>
    <td>5</td>
    <!---->
  </tr>
  <tr class="">
    <th>85</th>
    <td>5</td>
    <td>5</td>
    <td>5</td>
    <td>5</td>
    <td>5</td>
    <td>5</td>
    <td>5</td>
    <td>5</td>
    <td>5</td>
    <td>5</td>
    <td>5</td>
    <td>5</td>
    <td>5</td>
    <td>5</td>
    <td>5</td>
    <!---->
  </tr>
  <tr class="">
    <th>90</th>
    <td>5</td>
    <td>5</td>
    <td>5</td>
    <td>5</td>
    <td>5</td>
    <td>5</td>
    <td>5</td>
    <td>5</td>
    <td>5</td>
    <td>5</td>
    <td>5</td>
    <td>5</td>
    <td>5</td>
    <td>5</td>
    <td>5</td>
    <!---->
  </tr>
  <tr class="">
    <th>95</th>
    <td>5</td>
    <td>5</td>
    <td>5</td>
    <td>5</td>
    <td>5</td>
    <td>5</td>
    <td>5</td>
    <td>5</td>
    <td>5</td>
    <td>5</td>
    <td>5</td>
    <td>5</td>
    <td>5</td>
    <td>5</td>
    <td>5</td>
    <!---->
  </tr>
  <tr class="">
    <th>100</th>
    <td>5</td>
    <td>5</td>
    <td>5</td>
    <td>5</td>
    <td>5</td>
    <td>5</td>
    <td>5</td>
    <td>5</td>
    <td>5</td>
    <td>5</td>
    <td>5</td>
    <td>5</td>
    <td>5</td>
    <td>5</td>
    <td>5</td>
    <!---->
  </tr>
  <tr class="">
    <th>105</th>
    <td>5</td>
    <td>5</td>
    <td>5</td>
    <td>5</td>
    <td>5</td>
    <td>5</td>
    <td>5</td>
    <td>5</td>
    <td>5</td>
    <td>5</td>
    <td>5</td>
    <td>5</td>
    <td>5</td>
    <td>5</td>
    <td>5</td>
    <!---->
  </tr>
  <tr class="">
    <th>110</th>
    <td>4</td>
    <td>4</td>
    <td>4</td>
    <td>4</td>
    <td>4</td>
    <td>4</td>
    <td>4</td>
    <td>4</td>
    <td>4</td>
    <td>4</td>
    <td>4</td>
    <td>4</td>
    <td>4</td>
    <td>4</td>
    <td>4</td>
    <!---->
  </tr>
  <tr class="">
    <th>115</th>
    <td>4</td>
    <td>4</td>
    <td>4</td>
    <td>4</td>
    <td>4</td>
    <td>4</td>
    <td>4</td>
    <td>4</td>
    <td>4</td>
    <td>4</td>
    <td>4</td>
    <td>4</td>
    <td>4</td>
    <td>4</td>
    <td>4</td>
    <!---->
  </tr>
  <tr class="">
    <th>120</th>
    <td>4</td>
    <td>4</td>
    <td>4</td>
    <td>4</td>
    <td>4</td>
    <td>4</td>
    <td>4</td>
    <td>4</td>
    <td>4</td>
    <td>4</td>
    <td>4</td>
    <td>4</td>
    <td>4</td>
    <td>4</td>
    <td>4</td>
    <!---->
  </tr>
  <tr class="">
    <th>125</th>
    <td>4</td>
    <td>4</td>
    <td>4</td>
    <td>4</td>
    <td>4</td>
    <td>4</td>
    <td>4</td>
    <td>4</td>
    <td>4</td>
    <td>4</td>
    <td>4</td>
    <td>4</td>
    <td>4</td>
    <td>4</td>
    <td>4</td>
    <!---->
  </tr>
  <tr class="">
    <th>130</th>
    <td>4</td>
    <td>4</td>
    <td>4</td>
    <td>4</td>
    <td>4</td>
    <td>4</td>
    <td>4</td>
    <td>4</td>
    <td>4</td>
    <td>4</td>
    <td>4</td>
    <td>4</td>
    <td>4</td>
    <td>4</td>
    <td>4</td>
    <!---->
  </tr>
  <tr class="">
    <th>135</th>
    <td>4</td>
    <td>4</td>
    <td>4</td>
    <td>4</td>
    <td>4</td>
    <td>4</td>
    <td>4</td>
    <td>4</td>
    <td>4</td>
    <td>4</td>
    <td>4</td>
    <td>4</td>
    <td>4</td>
    <td>4</td>
    <td>4</td>
    <!---->
  </tr>
  <tr class="">
    <th>140</th>
    <td>4</td>
    <td>4</td>
    <td>4</td>
    <td>4</td>
    <td>4</td>
    <td>4</td>
    <td>4</td>
    <td>4</td>
    <td>4</td>
    <td>4</td>
    <td>4</td>
    <td>4</td>
    <td>4</td>
    <td>4</td>
    <td>4</td>
    <!---->
  </tr>
  <tr class="">
    <th>145</th>
    <td>3</td>
    <td>3</td>
    <td>3</td>
    <td>3</td>
    <td>3</td>
    <td>3</td>
    <td>3</td>
    <td>3</td>
    <td>3</td>
    <td>3</td>
    <td>3</td>
    <td>3</td>
    <td>3</td>
    <td>3</td>
    <td>3</td>
    <!---->
  </tr>
  <tr class="">
    <th>150</th>
    <td>3</td>
    <td>3</td>
    <td>3</td>
    <td>3</td>
    <td>3</td>
    <td>3</td>
    <td>3</td>
    <td>3</td>
    <td>3</td>
    <td>3</td>
    <td>3</td>
    <td>3</td>
    <td>3</td>
    <td>3</td>
    <td>3</td>
    <!---->
  </tr>
  <tr class="">
    <th>155</th>
    <td>3</td>
    <td>3</td>
    <td>3</td>
    <td>3</td>
    <td>3</td>
    <td>3</td>
    <td>3</td>
    <td>3</td>
    <td>3</td>
    <td>3</td>
    <td>3</td>
    <td>3</td>
    <td>3</td>
    <td>3</td>
    <td>3</td>
    <!---->
  </tr>
  <tr class="">
    <th>160</th>
    <td>3</td>
    <td>3</td>
    <td>3</td>
    <td>3</td>
    <td>3</td>
    <td>3</td>
    <td>3</td>
    <td>3</td>
    <td>3</td>
    <td>3</td>
    <td>3</td>
    <td>3</td>
    <td>3</td>
    <td>3</td>
    <td>3</td>
    <!---->
  </tr>
  <tr class="">
    <th>165</th>
    <td>3</td>
    <td>3</td>
    <td>3</td>
    <td>3</td>
    <td>3</td>
    <td>3</td>
    <td>3</td>
    <td>3</td>
    <td>3</td>
    <td>3</td>
    <td>3</td>
    <td>3</td>
    <td>3</td>
    <td>3</td>
    <td>3</td>
    <!---->
  </tr>
  <tr class="">
    <th>170</th>
    <td>3</td>
    <td>3</td>
    <td>3</td>
    <td>3</td>
    <td>3</td>
    <td>3</td>
    <td>3</td>
    <td>3</td>
    <td>3</td>
    <td>3</td>
    <td>3</td>
    <td>3</td>
    <td>3</td>
    <td>3</td>
    <td>3</td>
    <!---->
  </tr>
  <tr class="">
    <th>175</th>
    <td>3</td>
    <td>3</td>
    <td>3</td>
    <td>3</td>
    <td>3</td>
    <td>3</td>
    <td>3</td>
    <td>3</td>
    <td>3</td>
    <td>3</td>
    <td>3</td>
    <td>3</td>
    <td>3</td>
    <td>3</td>
    <td>3</td>
    <!---->
  </tr>
  <tr class="">
    <th>180</th>
    <td>3</td>
    <td>3</td>
    <td>3</td>
    <td>3</td>
    <td>3</td>
    <td>3</td>
    <td>3</td>
    <td>3</td>
    <td>3</td>
    <td>3</td>
    <td>3</td>
    <td>3</td>
    <td>3</td>
    <td>3</td>
    <td>3</td>
    <!---->
  </tr>
  <tr class="">
    <th>185</th>
    <td>3</td>
    <td>3</td>
    <td>3</td>
    <td>3</td>
    <td>3</td>
    <td>3</td>
    <td>3</td>
    <td>3</td>
    <td>3</td>
    <td>3</td>
    <td>3</td>
    <td>3</td>
    <td>3</td>
    <td>3</td>
    <td>3</td>
    <!---->
  </tr>
  <tr class="">
    <th>190</th>
    <td>3</td>
    <td>3</td>
    <td>3</td>
    <td>3</td>
    <td>3</td>
    <td>3</td>
    <td>3</td>
    <td>3</td>
    <td>3</td>
    <td>3</td>
    <td>3</td>
    <td>3</td>
    <td>3</td>
    <td>3</td>
    <td>3</td>
    <!---->
  </tr>
  <tr class="">
    <th>195</th>
    <td>3</td>
    <td>3</td>
    <td>3</td>
    <td>3</td>
    <td>3</td>
    <td>3</td>
    <td>3</td>
    <td>3</td>
    <td>3</td>
    <td>3</td>
    <td>3</td>
    <td>3</td>
    <td>3</td>
    <td>3</td>
    <td>3</td>
    <!---->
  </tr>
  <tr class="">
    <th>200</th>
    <td>3</td>
    <td>3</td>
    <td>3</td>
    <td>3</td>
    <td>3</td>
    <td>3</td>
    <td>3</td>
    <td>3</td>
    <td>3</td>
    <td>3</td>
    <td>3</td>
    <td>3</td>
    <td>3</td>
    <td>3</td>
    <td>3</td>
    <!---->
  </tr>
  <tr class="">
    <th>205</th>
    <td>3</td>
    <td>3</td>
    <td>3</td>
    <td>3</td>
    <td>3</td>
    <td>3</td>
    <td>3</td>
    <td>3</td>
    <td>3</td>
    <td>3</td>
    <td>3</td>
    <td>3</td>
    <td>3</td>
    <td>3</td>
    <td>3</td>
    <!---->
  </tr>
  <tr class="">
    <th>210</th>
    <td>3</td>
    <td>3</td>
    <td>3</td>
    <td>3</td>
    <td>3</td>
    <td>3</td>
    <td>3</td>
    <td>3</td>
    <td>3</td>
    <td>3</td>
    <td>3</td>
    <td>3</td>
    <td>3</td>
    <td>3</td>
    <td>3</td>
    <!---->
  </tr>
  <tr class="">
    <th>215</th>
    <td>3</td>
    <td>3</td>
    <td>3</td>
    <td>3</td>
    <td>3</td>
    <td>3</td>
    <td>3</td>
    <td>3</td>
    <td>3</td>
    <td>3</td>
    <td>3</td>
    <td>3</td>
    <td>3</td>
    <td>3</td>
    <td>3</td>
    <!---->
  </tr>
  <tr class="">
    <th>220</th>
    <td>3</td>
    <td>3</td>
    <td>3</td>
    <td>3</td>
    <td>3</td>
    <td>3</td>
    <td>3</td>
    <td>3</td>
    <td>3</td>
    <td>3</td>
    <td>3</td>
    <td>3</td>
    <td>3</td>
    <td>3</td>
    <td>3</td>
    <!---->
  </tr>
  <tr class="">
    <th>225</th>
    <td>3</td>
    <td>3</td>
    <td>3</td>
    <td>3</td>
    <td>3</td>
    <td>3</td>
    <td>3</td>
    <td>3</td>
    <td>3</td>
    <td>3</td>
    <td>3</td>
    <td>3</td>
    <td>3</td>
    <td>3</td>
    <td>3</td>
    <!---->
  </tr>
  <tr class="">
    <th>230</th>
    <td>3</td>
    <td>3</td>
    <td>3</td>
    <td>3</td>
    <td>3</td>
    <td>3</td>
    <td>3</td>
    <td>3</td>
    <td>3</td>
    <td>3</td>
    <td>3</td>
    <td>3</td>
    <td>3</td>
    <td>3</td>
    <td>3</td>
    <!---->
  </tr>
  <tr class="">
    <th>235</th>
    <td>3</td>
    <td>3</td>
    <td>3</td>
    <td>3</td>
    <td>3</td>
    <td>3</td>
    <td>3</td>
    <td>3</td>
    <td>3</td>
    <td>3</td>
    <td>3</td>
    <td>3</td>
    <td>3</td>
    <td>3</td>
    <td>3</td>
    <!---->
  </tr>
  <tr class="">
    <th>240</th>
    <td>3</td>
    <td>3</td>
    <td>3</td>
    <td>3</td>
    <td>3</td>
    <td>3</td>
    <td>3</td>
    <td>3</td>
    <td>3</td>
    <td>3</td>
    <td>3</td>
    <td>3</td>
    <td>3</td>
    <td>3</td>
    <td>3</td>
    <!---->
  </tr>
  <tr class="">
    <th>245</th>
    <td>3</td>
    <td>3</td>
    <td>3</td>
    <td>3</td>
    <td>3</td>
    <td>3</td>
    <td>3</td>
    <td>3</td>
    <td>3</td>
    <td>3</td>
    <td>3</td>
    <td>3</td>
    <td>3</td>
    <td>3</td>
    <td>3</td>
    <!---->
  </tr>
  <tr class="">
    <th>250</th>
    <td>3</td>
    <td>3</td>
    <td>3</td>
    <td>3</td>
    <td>3</td>
    <td>3</td>
    <td>3</td>
    <td>3</td>
    <td>3</td>
    <td>3</td>
    <td>3</td>
    <td>3</td>
    <td>3</td>
    <td>3</td>
    <td>3</td>
    <!---->
  </tr>
</tbody>
`;

exports[`Druid default values standard attack 1`] = `
<tbody>
  <!---->
  <tr class="highlight-current">
    <th>0</th>
    <td>15</td>
    <td>1.66</td>
  </tr>
  <tr class="">
    <th>9</th>
    <td>14</td>
    <td>1.78</td>
  </tr>
  <tr class="">
    <th>18</th>
    <td>13</td>
    <td>1.92</td>
  </tr>
  <tr class="">
    <th>30</th>
    <td>12</td>
    <td>2.08</td>
  </tr>
  <tr class="">
    <th>48</th>
    <td>11</td>
    <td>2.27</td>
  </tr>
  <tr class="">
    <th>75</th>
    <td>10</td>
    <td>2.5</td>
  </tr>
  <tr class="">
    <th>125</th>
    <td>9</td>
    <td>2.77</td>
  </tr>
</tbody>
`;
